// Jest Snapshot v1, https://goo.gl/fbAQLP

exports[`HowItWorks component using snapshot renders correctly 1`] = `
<DocumentFragment>
  <section
    class="container text-center py-24 sm:py-32"
    data-testid="#howItWorks"
    id="howItWorks"
  >
    <h2
      class="text-3xl md:text-4xl font-bold "
    >
      How It 
      <span
        class="inline bg-gradient-to-r from-[#61DAFB] to-[#1fc0f1] text-transparent bg-clip-text"
      >
        Works 
      </span>
    </h2>
    <br />
    <br />
    <div
      class="grid md:grid-cols-2 lg:grid-cols-4 gap-8 gap-y-10"
    >
      <div
        class="bg-muted rounded-lg"
        style="opacity: 0; transform: translateX(-50px);"
      >
        <div
          class="rounded-lg border text-card-foreground shadow-sm bg-muted/50 relative flex flex-col justify-center items-center"
        >
          <div
            class="flex flex-col space-y-1.5 p-6"
          >
            <h3
              class="text-2xl font-semibold leading-none tracking-tight grid gap-4 place-items-center"
            >
              <svg
                class="m-0.5"
                color="pink"
                fill="currentColor"
                height="50"
                stroke="currentColor"
                stroke-width="0"
                style="color: pink;"
                viewBox="0 0 32 32"
                width="50"
                xmlns="http://www.w3.org/2000/svg"
              >
                <path
                  d="M 7 3 L 11.265625 13.359375 C 8.7096967 14.94892 7 17.775441 7 21 C 7 25.962 11.037 30 16 30 C 20.963 30 25 25.962 25 21 C 25 17.775441 23.290303 14.94892 20.734375 13.359375 L 25 3 L 22.837891 3 L 18.925781 12.498047 C 18.268581 12.271202 17.580892 12.113483 16.865234 12.044922 L 20.587891 3 L 18.425781 3 L 14.673828 12.109375 C 14.12256 12.191305 13.588371 12.320577 13.074219 12.498047 L 9.1621094 3 L 7 3 z M 11.412109 3 L 13.953125 9.1738281 L 15.035156 6.546875 L 13.574219 3 L 11.412109 3 z M 16 14 C 19.859 14 23 17.14 23 21 C 23 24.86 19.859 28 16 28 C 12.141 28 9 24.86 9 21 C 9 17.14 12.141 14 16 14 z M 16 17.162109 L 14.832031 19.78125 L 12 20.091797 L 14.119141 21.996094 L 13.523438 24.806641 L 16 23.376953 L 18.476562 24.806641 L 17.880859 21.996094 L 20 20.091797 L 17.167969 19.78125 L 16 17.162109 z"
                />
              </svg>
              Sign in
            </h3>
          </div>
          <div
            class="p-6 pt-0"
          >
            Sign in with Google to generate secret UUIDs, or generate your own using a random key generator
          </div>
        </div>
      </div>
      <div
        class="bg-muted rounded-lg"
        style="opacity: 0; transform: translateX(-50px);"
      >
        <div
          class="rounded-lg border text-card-foreground shadow-sm bg-muted/50 relative flex flex-col justify-center items-center"
        >
          <div
            class="flex flex-col space-y-1.5 p-6"
          >
            <h3
              class="text-2xl font-semibold leading-none tracking-tight grid gap-4 place-items-center"
            >
              <svg
                class="m-0.5"
                color="pink"
                fill="none"
                height="50"
                stroke="currentColor"
                stroke-linecap="round"
                stroke-linejoin="round"
                stroke-width="2"
                style="color: pink;"
                viewBox="0 0 24 24"
                width="50"
                xmlns="http://www.w3.org/2000/svg"
              >
                <path
                  d="M12 18.5l-3 -1.5l-6 3v-13l6 -3l6 3l6 -3v7"
                />
                <path
                  d="M9 4v13"
                />
                <path
                  d="M15 7v5"
                />
                <path
                  d="M21.121 20.121a3 3 0 1 0 -4.242 0c.418 .419 1.125 1.045 2.121 1.879c1.051 -.89 1.759 -1.516 2.121 -1.879z"
                />
                <path
                  d="M19 18v.01"
                />
              </svg>
              Setup
            </h3>
          </div>
          <div
            class="p-6 pt-0"
          >
            Setup the taskserver for your Taskwarrior clients by following the documentation
          </div>
        </div>
      </div>
      <div
        class="bg-muted rounded-lg"
        style="opacity: 0; transform: translateX(-50px);"
      >
        <div
          class="rounded-lg border text-card-foreground shadow-sm bg-muted/50 relative flex flex-col justify-center items-center"
        >
          <div
            class="flex flex-col space-y-1.5 p-6"
          >
            <h3
              class="text-2xl font-semibold leading-none tracking-tight grid gap-4 place-items-center"
            >
              <svg
                class="m-0.5"
                color="pink"
                fill="currentColor"
                height="50"
                stroke="currentColor"
                stroke-width="0"
                style="color: pink;"
                viewBox="0 0 512 512"
                width="50"
                xmlns="http://www.w3.org/2000/svg"
              >
                <path
                  d="M442.6 67.37c-1.6.01-3.2.06-4.8.16-13.2.73-26.9 3.8-36.8 8.74l-.2.12-281 120.21-4.1-2.6c-20.62-13.3-42.15-26.8-73.84-32.1 2.07 4.7 4.64 9.9 7.76 15.5 6.69 11.9 15.26 25.3 23.75 37.6 8.49 12.2 16.96 23.3 23.21 30.4 2.41 2.8 4.02 4.3 5.42 5.6l172.2-68.6-1.2 14.4c-3.7 44.4-11.3 89.6-23.5 135.7l28.5-19c32.6-51.5 43.5-87.2 71-157.3l1.2-3 91.5-50.5h.2c22.9-11.49 32.8-21.65 34.4-25.36.8-1.86.6-1.37.2-2.04-.4-.66-2.3-2.39-5.8-3.85-5.4-2.2-13.8-3.72-23.3-4.03-1.5-.05-3.2-.07-4.8-.05zm-283 11.74l-22.1 4.4L222 133.3l60.1-25.7C248 96.96 210.8 86.98 159.6 79.11zM32 439v18h448v-18H32z"
                />
              </svg>
              Share
            </h3>
          </div>
          <div
            class="p-6 pt-0"
          >
            Sign in on multiple devices and use the same UUIDs to sync tasks across all the clients or your team
          </div>
        </div>
      </div>
      <div
        class="bg-muted rounded-lg"
        style="opacity: 0; transform: translateX(-50px);"
      >
        <div
          class="rounded-lg border text-card-foreground shadow-sm bg-muted/50 relative flex flex-col justify-center items-center"
        >
          <div
            class="flex flex-col space-y-1.5 p-6"
          >
            <h3
              class="text-2xl font-semibold leading-none tracking-tight grid gap-4 place-items-center"
            >
              <svg
                class="m-0.5"
                color="pink"
                fill="currentColor"
                height="50"
                stroke="currentColor"
                stroke-width="0"
                style="color: pink;"
                viewBox="0 0 24 24"
                width="50"
                xmlns="http://www.w3.org/2000/svg"
              >
                <path
                  d="M14,19 L15,19 L15,18 L14,18 L14,19 Z M5,23 L19,23 L19,1 L5,1 L5,23 Z M8,5 L16,5 L8,5 Z M8,9 L16,9 L8,9 Z M8,13 L16,13 L8,13 Z"
                  fill="none"
                  stroke-width="2"
                />
              </svg>
              Deploy your own
            </h3>
          </div>
          <div
            class="p-6 pt-0"
          >
            You can also deploy your own server instance by following this documentation
          </div>
        </div>
      </div>
    </div>
  </section>
</DocumentFragment>
`;
