// Jest Snapshot v1, https://goo.gl/fbAQLP

exports[`CopyButton Component using snapshot renders correctly 1`] = `
<DocumentFragment>
  <button
    class="bg-blue-500 hover:bg-gray-900 text-white font-bold py-4 px-2 rounded ml-2"
  >
    <svg
      class="lucide lucide-copy "
      fill="none"
      height="24"
      stroke="currentColor"
      stroke-linecap="round"
      stroke-linejoin="round"
      stroke-width="2"
      viewBox="0 0 24 24"
      width="24"
      xmlns="http://www.w3.org/2000/svg"
    >
      <rect
        height="14"
        rx="2"
        ry="2"
        width="14"
        x="8"
        y="8"
      />
      <path
        d="M4 16c-1.1 0-2-.9-2-2V4c0-1.1.9-2 2-2h10c1.1 0 2 .9 2 2"
      />
    </svg>
  </button>
</DocumentFragment>
`;
