// Jest Snapshot v1, https://goo.gl/fbAQLP

exports[`SetupGuide component using snapshot renders correctly 1`] = `
<DocumentFragment>
  <div
    class="mt-4 flex items-center gap-2 w-full"
  >
    <div
      class="bg-gray-900 text-white p-3 sm:p-4 rounded-lg flex-grow overflow-x-auto"
    >
      <code
        class="text-sm sm:text-base whitespace-nowrap break-all"
      >
        Sample code
      </code>
    </div>
    <div
      class="relative group"
      tabindex="0"
    >
      <button
        aria-label="Copy to clipboard"
        class="bg-blue-500 hover:bg-blue-600 active:bg-blue-800 text-white font-bold p-3 sm:p-4 rounded flex-shrink-0"
      >
        <svg
          data-testid="copy-icon"
        />
      </button>
      <span
        class="pointer-events-none z-10 bg-stone-700 opacity-0 text-white px-2 text-nowrap py-1 text-xs absolute left-1/2 -translate-x-1/2 rounded-sm transition-['transform,opacity'] shadow-slate-900/60 duration-200 after:size-2 after:rotate-45 after:block after:bg-stone-700 after:absolute shadow-md after:top-0 after:-translate-y-1/2 after:left-1/2 after:-translate-x-1/2 top-1/2 group-hover:top-full group-hover:opacity-100 translate-y-2.5 group-focus:opacity-100 group-focus:top-full"
      >
        Copy to clipboard
      </span>
    </div>
  </div>
</DocumentFragment>
`;
