// Jest Snapshot v1, https://goo.gl/fbAQLP

exports[`NavbarMobile component using snapshot renders correctly when closed: prop isOpen is set to false 1`] = `
<DocumentFragment>
  <span
    class="flex md:hidden"
  >
    <div
      data-testid="mode-toggle"
    >
      ModeToggle
    </div>
    <div>
      <button>
        <div>
          Menu
        </div>
      </button>
      <div>
        <div>
          <div>
            CCSync
          </div>
          <div>
            Mobile navigation menu for CCSync
          </div>
        </div>
        <nav
          class="flex flex-col justify-center items-center gap-2 mt-4"
        >
          <a
            class="button-ghost-default"
            href="#"
            rel="noreferrer noopener"
          >
            Home
          </a>
          <a
            class="button-ghost-default"
            href="#tasks"
            rel="noreferrer noopener"
          >
            Tasks
          </a>
          <a
            class="button-ghost-default"
            href="#setup-guide"
            rel="noreferrer noopener"
          >
            Setup Guide
          </a>
          <a
            class="button-ghost-default"
            href="#faq"
            rel="noreferrer noopener"
          >
            FAQ
          </a>
          <a
            class="w-[130px] border button-secondary-default"
            rel="noreferrer noopener"
            target="_blank"
          >
            <div>
              Github
            </div>
            Github
          </a>
          <div>
            <button>
              <div
                class="w-[130px] cursor-pointer border button-secondary-default"
              >
                <div>
                  FileDown
                </div>
                Export Tasks
              </div>
            </button>
            <div>
              <div>
                <div>
                  Choose Export Format
                </div>
                <div>
                  Would you like to download your tasks as a JSON file or a TXT file?
                </div>
              </div>
              <div
                class="flex flex-col sm:flex-row justify-end gap-2 mt-4"
              >
                <button
                  class="w-full sm:w-auto hover:bg-white bg-[#3B82F6]"
                >
                  <div>
                    FileText
                  </div>
                  Download .txt
                </button>
                <button
                  class="w-full sm:w-auto hover:bg-white bg-[#3B82F6]"
                >
                  <div>
                    FileJson
                  </div>
                  Download .json
                </button>
              </div>
            </div>
          </div>
          <div>
            <button>
              <div
                class="w-[130px] cursor-pointer border button-secondary-default"
              >
                Auto-sync
              </div>
            </button>
            <div>
              <div>
                <div>
                  Auto Sync
                </div>
                <div>
                  Enable or disable automatic task synchronization and configure the sync interval.
                </div>
              </div>
              <div
                class="flex flex-col space-y-4 pt-2"
              >
                <div
                  class="flex mt-2 items-center justify-between space-x-2"
                >
                  <label
                    class="text-base"
                    for="autosync-switch"
                  >
                    Enable Auto-Sync
                  </label>
                  <input
                    id="autosync-switch"
                    type="checkbox"
                  />
                </div>
              </div>
            </div>
          </div>
          <div>
            <button>
              <div
                class="w-[130px] cursor-pointer border button-secondary-default"
              >
                <div>
                  Terminal
                </div>
                Developer Logs
              </div>
            </button>
            <div>
              <div>
                <div>
                  Developer Logs
                </div>
                <div>
                  View sync operation logs with timestamps and status information.
                </div>
              </div>
              <div
                data-testid="dev-logs"
              >
                DevLogs
              </div>
            </div>
          </div>
          <div
            class="w-[130px] cursor-pointer border button-destructive-default"
          >
            <div>
              Trash2
            </div>
            Delete All Tasks
          </div>
          <div
            class="w-[130px] border button-destructive-default"
          >
            <div>
              LogOut
            </div>
            Log out
          </div>
        </nav>
      </div>
    </div>
    <div>
      <div>
        <div>
          <div>
            Delete All Tasks?
          </div>
          <div>
            This action cannot be undone
          </div>
        </div>
        <div
          class="py-4"
        >
          <p
            class="text-base mb-2"
          >
            Are you sure you want to delete all tasks for 
            <span
              class="font-semibold"
            >
              test@example.com
            </span>
            ?
          </p>
          <p
            class="text-sm text-muted-foreground"
          >
            All your tasks will be permanently deleted from the local database.
          </p>
        </div>
        <div
          class="flex flex-col sm:flex-row justify-end gap-2"
        >
          <button
            class="w-full sm:w-auto"
            variant="outline"
          >
            Cancel
          </button>
          <button
            class="w-full sm:w-auto"
            variant="destructive"
          >
            <div>
              Trash2
            </div>
            Delete All Tasks
          </button>
        </div>
      </div>
    </div>
  </span>
</DocumentFragment>
`;

exports[`NavbarMobile component using snapshot renders correctly when open: prop isOpen is set to true 1`] = `
<DocumentFragment>
  <span
    class="flex md:hidden"
  >
    <div
      data-testid="mode-toggle"
    >
      ModeToggle
    </div>
    <div>
      <button>
        <div>
          Menu
        </div>
      </button>
      <div>
        <div>
          <div>
            CCSync
          </div>
          <div>
            Mobile navigation menu for CCSync
          </div>
        </div>
        <nav
          class="flex flex-col justify-center items-center gap-2 mt-4"
        >
          <a
            class="button-ghost-default"
            href="#"
            rel="noreferrer noopener"
          >
            Home
          </a>
          <a
            class="button-ghost-default"
            href="#tasks"
            rel="noreferrer noopener"
          >
            Tasks
          </a>
          <a
            class="button-ghost-default"
            href="#setup-guide"
            rel="noreferrer noopener"
          >
            Setup Guide
          </a>
          <a
            class="button-ghost-default"
            href="#faq"
            rel="noreferrer noopener"
          >
            FAQ
          </a>
          <a
            class="w-[130px] border button-secondary-default"
            rel="noreferrer noopener"
            target="_blank"
          >
            <div>
              Github
            </div>
            Github
          </a>
          <div>
            <button>
              <div
                class="w-[130px] cursor-pointer border button-secondary-default"
              >
                <div>
                  FileDown
                </div>
                Export Tasks
              </div>
            </button>
            <div>
              <div>
                <div>
                  Choose Export Format
                </div>
                <div>
                  Would you like to download your tasks as a JSON file or a TXT file?
                </div>
              </div>
              <div
                class="flex flex-col sm:flex-row justify-end gap-2 mt-4"
              >
                <button
                  class="w-full sm:w-auto hover:bg-white bg-[#3B82F6]"
                >
                  <div>
                    FileText
                  </div>
                  Download .txt
                </button>
                <button
                  class="w-full sm:w-auto hover:bg-white bg-[#3B82F6]"
                >
                  <div>
                    FileJson
                  </div>
                  Download .json
                </button>
              </div>
            </div>
          </div>
          <div>
            <button>
              <div
                class="w-[130px] cursor-pointer border button-secondary-default"
              >
                Auto-sync
              </div>
            </button>
            <div>
              <div>
                <div>
                  Auto Sync
                </div>
                <div>
                  Enable or disable automatic task synchronization and configure the sync interval.
                </div>
              </div>
              <div
                class="flex flex-col space-y-4 pt-2"
              >
                <div
                  class="flex mt-2 items-center justify-between space-x-2"
                >
                  <label
                    class="text-base"
                    for="autosync-switch"
                  >
                    Enable Auto-Sync
                  </label>
                  <input
                    id="autosync-switch"
                    type="checkbox"
                  />
                </div>
              </div>
            </div>
          </div>
          <div>
            <button>
              <div
                class="w-[130px] cursor-pointer border button-secondary-default"
              >
                <div>
                  Terminal
                </div>
                Developer Logs
              </div>
            </button>
            <div>
              <div>
                <div>
                  Developer Logs
                </div>
                <div>
                  View sync operation logs with timestamps and status information.
                </div>
              </div>
              <div
                data-testid="dev-logs"
              >
                DevLogs
              </div>
            </div>
          </div>
          <div
            class="w-[130px] cursor-pointer border button-destructive-default"
          >
            <div>
              Trash2
            </div>
            Delete All Tasks
          </div>
          <div
            class="w-[130px] border button-destructive-default"
          >
            <div>
              LogOut
            </div>
            Log out
          </div>
        </nav>
      </div>
    </div>
    <div>
      <div>
        <div>
          <div>
            Delete All Tasks?
          </div>
          <div>
            This action cannot be undone
          </div>
        </div>
        <div
          class="py-4"
        >
          <p
            class="text-base mb-2"
          >
            Are you sure you want to delete all tasks for 
            <span
              class="font-semibold"
            >
              test@example.com
            </span>
            ?
          </p>
          <p
            class="text-sm text-muted-foreground"
          >
            All your tasks will be permanently deleted from the local database.
          </p>
        </div>
        <div
          class="flex flex-col sm:flex-row justify-end gap-2"
        >
          <button
            class="w-full sm:w-auto"
            variant="outline"
          >
            Cancel
          </button>
          <button
            class="w-full sm:w-auto"
            variant="destructive"
          >
            <div>
              Trash2
            </div>
            Delete All Tasks
          </button>
        </div>
      </div>
    </div>
  </span>
</DocumentFragment>
`;
